-3.747431152 -3.748764
-3.778689941 -3.779046
-3.749004395 -3.749068
-3.781382568 -3.7814132
-3.750634033 -3.7506304
-3.7482771 -3.7478376
-3.770432129 -3.7705128
-3.794663818 -3.79457
-3.746760742 -3.7462112
-3.772287109 -3.7720624
-3.784111328 -3.7840872
-3.7235625 -3.7237644
-3.746327881 -3.7465396
-3.833887451 -3.8334272
-3.833915039 -3.8334572
-3.773217773 -3.7732668
-3.794830811 -3.7945228
-3.716418945 -3.7167028
-3.833893066 -3.8334356
-3.833892334 -3.8334324
-3.773264648 -3.7735212
-3.72082251 -3.7212464
-3.778377686 -3.7786588
-3.793510498 -3.7928396
-3.723127441 -3.7229356
