epoch  loss  rmse_e(eV/atom)  rmse_f(eV/A)  rmse_v(eV/atom)  rmse_stress(GPa)  gnorm
1 2.689166e-01 0.158369 0.518330 0.000000 0.0000 23.64
2 2.969550e-02 0.143551 0.171725 0.000000 0.0000 1.90
3 1.813792e-02 0.080079 0.134439 0.000000 0.0000 0.65
4 1.774460e-02 0.024554 0.133186 0.000000 0.0000 1.01
5 1.190761e-02 0.049086 0.109012 0.000000 0.0000 0.73
6 9.389866e-03 0.041733 0.096811 0.000000 0.0000 0.40
7 7.771272e-03 0.049535 0.088016 0.000000 0.0000 0.32
8 6.673154e-03 0.013713 0.081678 0.000000 0.0000 0.27
9 6.108639e-03 0.006036 0.078155 0.000000 0.0000 0.25
10 5.691502e-03 0.008383 0.075437 0.000000 0.0000 0.42
11 5.878613e-03 0.030164 0.076613 0.000000 0.0000 0.45
12 5.381291e-03 0.012662 0.073346 0.000000 0.0000 0.26
13 5.382773e-03 0.011425 0.073358 0.000000 0.0000 0.30
14 4.983980e-03 0.008169 0.070593 0.000000 0.0000 0.18
15 4.800449e-03 0.010796 0.069277 0.000000 0.0000 0.13
16 4.674429e-03 0.006498 0.068367 0.000000 0.0000 0.11
17 4.543845e-03 0.009585 0.067401 0.000000 0.0000 0.12
18 4.501729e-03 0.011880 0.067084 0.000000 0.0000 0.20
19 4.384342e-03 0.017622 0.066191 0.000000 0.0000 0.12
20 4.443414e-03 0.020258 0.066628 0.000000 0.0000 0.30
21 4.260720e-03 0.011707 0.065264 0.000000 0.0000 0.21
22 4.171802e-03 0.019707 0.064559 0.000000 0.0000 0.31
23 4.279914e-03 0.012840 0.065408 0.000000 0.0000 0.32
24 4.029924e-03 0.009554 0.063474 0.000000 0.0000 0.14
25 3.862275e-03 0.004602 0.062146 0.000000 0.0000 0.13
26 3.762381e-03 0.007681 0.061333 0.000000 0.0000 0.14
27 3.719839e-03 0.013815 0.060975 0.000000 0.0000 0.24
28 3.686213e-03 0.016588 0.060692 0.000000 0.0000 0.15
29 3.708816e-03 0.014381 0.060883 0.000000 0.0000 0.22
30 3.917440e-03 0.022326 0.062550 0.000000 0.0000 0.38
31 3.580374e-03 0.020466 0.059801 0.000000 0.0000 0.24
32 3.503330e-03 0.024805 0.059137 0.000000 0.0000 0.21
33 3.864996e-03 0.024533 0.062121 0.000000 0.0000 0.36
34 3.664813e-03 0.020412 0.060503 0.000000 0.0000 0.32
35 3.587962e-03 0.019765 0.059867 0.000000 0.0000 0.38
36 3.820482e-03 0.011980 0.061798 0.000000 0.0000 0.52
37 3.821182e-03 0.018679 0.061787 0.000000 0.0000 0.31
38 3.575991e-03 0.020998 0.059763 0.000000 0.0000 0.23
39 3.316192e-03 0.034838 0.057481 0.000000 0.0000 0.20
40 3.424389e-03 0.026228 0.058459 0.000000 0.0000 0.52
41 3.382150e-03 0.036541 0.058041 0.000000 0.0000 0.34
42 3.419335e-03 0.027025 0.058413 0.000000 0.0000 0.42
43 3.721708e-03 0.036295 0.060898 0.000000 0.0000 0.47
44 4.813500e-03 0.024519 0.069336 0.000000 0.0000 0.63
45 3.708587e-03 0.040388 0.060764 0.000000 0.0000 0.39
46 3.464708e-03 0.055358 0.058601 0.000000 0.0000 0.25
47 3.071484e-03 0.009487 0.055413 0.000000 0.0000 0.22
48 3.124750e-03 0.031665 0.055810 0.000000 0.0000 0.19
49 3.045670e-03 0.012215 0.055174 0.000000 0.0000 0.17
50 3.004146e-03 0.023874 0.054758 0.000000 0.0000 0.21
51 2.876542e-03 0.013301 0.053617 0.000000 0.0000 0.11
52 2.896587e-03 0.028897 0.053742 0.000000 0.0000 0.17
53 2.928415e-03 0.026639 0.054049 0.000000 0.0000 0.25
54 2.910497e-03 0.024670 0.053893 0.000000 0.0000 0.22
55 3.009056e-03 0.025805 0.054794 0.000000 0.0000 0.21
56 2.857628e-03 0.021084 0.053415 0.000000 0.0000 0.17
57 2.774835e-03 0.041740 0.052511 0.000000 0.0000 0.25
58 2.792339e-03 0.034954 0.052727 0.000000 0.0000 0.14
59 2.635061e-03 0.016493 0.051306 0.000000 0.0000 0.12
60 2.546756e-03 0.018650 0.050431 0.000000 0.0000 0.06
61 2.489383e-03 0.007207 0.049889 0.000000 0.0000 0.06
62 2.448961e-03 0.010202 0.049476 0.000000 0.0000 0.10
63 2.490739e-03 0.008617 0.049900 0.000000 0.0000 0.14
64 2.711549e-03 0.019460 0.052036 0.000000 0.0000 0.23
65 2.636634e-03 0.009148 0.051340 0.000000 0.0000 0.22
66 2.648015e-03 0.020730 0.051417 0.000000 0.0000 0.12
67 3.125333e-03 0.019312 0.055871 0.000000 0.0000 0.34
68 2.655443e-03 0.010318 0.051521 0.000000 0.0000 0.11
69 2.444170e-03 0.029708 0.049349 0.000000 0.0000 0.14
70 2.435394e-03 0.011211 0.049337 0.000000 0.0000 0.14
71 2.397726e-03 0.014748 0.048944 0.000000 0.0000 0.12
72 2.336285e-03 0.010945 0.048323 0.000000 0.0000 0.08
73 2.307800e-03 0.021151 0.047993 0.000000 0.0000 0.09
74 2.280740e-03 0.020011 0.047715 0.000000 0.0000 0.23
75 2.446132e-03 0.020727 0.049415 0.000000 0.0000 0.20
76 2.356927e-03 0.016289 0.048521 0.000000 0.0000 0.24
77 2.233736e-03 0.013052 0.047244 0.000000 0.0000 0.09
78 2.187958e-03 0.016874 0.046745 0.000000 0.0000 0.07
79 2.234437e-03 0.016251 0.047242 0.000000 0.0000 0.12
80 2.193474e-03 0.010697 0.046822 0.000000 0.0000 0.05
81 2.199008e-03 0.027530 0.046813 0.000000 0.0000 0.07
82 2.361022e-03 0.011994 0.048576 0.000000 0.0000 0.11
83 2.306452e-03 0.028014 0.047944 0.000000 0.0000 0.12
84 2.136250e-03 0.019586 0.046178 0.000000 0.0000 0.04
85 2.076492e-03 0.015066 0.045544 0.000000 0.0000 0.05
86 2.093308e-03 0.012963 0.045734 0.000000 0.0000 0.05
87 2.074377e-03 0.024000 0.045482 0.000000 0.0000 0.05
88 2.039295e-03 0.011539 0.045144 0.000000 0.0000 0.09
89 2.834555e-03 0.022123 0.053195 0.000000 0.0000 0.50
90 4.796637e-03 0.053152 0.069053 0.000000 0.0000 0.48
91 3.270709e-03 0.039546 0.057053 0.000000 0.0000 0.23
92 2.806881e-03 0.023908 0.052926 0.000000 0.0000 0.18
93 2.358332e-03 0.008499 0.048555 0.000000 0.0000 0.11
94 2.184301e-03 0.010958 0.046724 0.000000 0.0000 0.10
95 2.224112e-03 0.014688 0.047138 0.000000 0.0000 0.08
96 2.137993e-03 0.020382 0.046193 0.000000 0.0000 0.12
97 2.096510e-03 0.020633 0.045741 0.000000 0.0000 0.07
98 2.079692e-03 0.010468 0.045592 0.000000 0.0000 0.10
99 1.964407e-03 0.009678 0.044311 0.000000 0.0000 0.07
100 1.918326e-03 0.010812 0.043785 0.000000 0.0000 0.04
101 1.946816e-03 0.013960 0.044101 0.000000 0.0000 0.06
102 1.927114e-03 0.017551 0.043864 0.000000 0.0000 0.07
103 1.951790e-03 0.016574 0.044148 0.000000 0.0000 0.11
104 1.942002e-03 0.010137 0.044056 0.000000 0.0000 0.11
105 1.962569e-03 0.013476 0.044280 0.000000 0.0000 0.15
106 1.911528e-03 0.012422 0.043703 0.000000 0.0000 0.13
107 1.946561e-03 0.009507 0.044110 0.000000 0.0000 0.09
108 1.883509e-03 0.005225 0.043396 0.000000 0.0000 0.17
109 1.886635e-03 0.006219 0.043431 0.000000 0.0000 0.13
110 1.810825e-03 0.004573 0.042551 0.000000 0.0000 0.08
111 1.900834e-03 0.004266 0.043596 0.000000 0.0000 0.10
112 1.807322e-03 0.008207 0.042505 0.000000 0.0000 0.07
113 1.816602e-03 0.006549 0.042617 0.000000 0.0000 0.12
114 1.810763e-03 0.015984 0.042523 0.000000 0.0000 0.08
115 1.775245e-03 0.005452 0.042130 0.000000 0.0000 0.13
116 2.191672e-03 0.009673 0.046805 0.000000 0.0000 0.21
117 1.876536e-03 0.005468 0.043316 0.000000 0.0000 0.10
118 1.804908e-03 0.007370 0.042478 0.000000 0.0000 0.07
119 1.798750e-03 0.013890 0.042389 0.000000 0.0000 0.08
120 1.811999e-03 0.008874 0.042558 0.000000 0.0000 0.10
121 1.794510e-03 0.012383 0.042344 0.000000 0.0000 0.11
122 1.750499e-03 0.006866 0.041833 0.000000 0.0000 0.08
123 1.736557e-03 0.006612 0.041667 0.000000 0.0000 0.07
124 1.717099e-03 0.005823 0.041434 0.000000 0.0000 0.08
125 1.739792e-03 0.008865 0.041701 0.000000 0.0000 0.09
126 1.767801e-03 0.013573 0.042023 0.000000 0.0000 0.08
127 1.700472e-03 0.014297 0.041212 0.000000 0.0000 0.03
128 1.761057e-03 0.014057 0.041941 0.000000 0.0000 0.09
129 1.908020e-03 0.018833 0.043640 0.000000 0.0000 0.12
130 2.125496e-03 0.016467 0.046074 0.000000 0.0000 0.32
131 1.942010e-03 0.015485 0.044041 0.000000 0.0000 0.18
132 1.881585e-03 0.006462 0.043372 0.000000 0.0000 0.10
133 1.969873e-03 0.013560 0.044363 0.000000 0.0000 0.13
134 1.837232e-03 0.011830 0.042847 0.000000 0.0000 0.12
135 1.920584e-03 0.019095 0.043783 0.000000 0.0000 0.13
136 2.014834e-03 0.007239 0.044881 0.000000 0.0000 0.12
137 1.903869e-03 0.014487 0.043609 0.000000 0.0000 0.14
138 1.785678e-03 0.021058 0.042205 0.000000 0.0000 0.08
139 1.972478e-03 0.028439 0.044321 0.000000 0.0000 0.15
140 1.830420e-03 0.015769 0.042754 0.000000 0.0000 0.18
141 1.727990e-03 0.014110 0.041545 0.000000 0.0000 0.13
142 2.140320e-03 0.009771 0.046253 0.000000 0.0000 0.21
143 2.463223e-03 0.028466 0.049549 0.000000 0.0000 0.34
144 2.201919e-03 0.020158 0.046881 0.000000 0.0000 0.22
145 2.378207e-03 0.030718 0.048670 0.000000 0.0000 0.22
146 3.050058e-03 0.018156 0.055197 0.000000 0.0000 0.26
147 2.218301e-03 0.062375 0.046684 0.000000 0.0000 0.12
148 2.078269e-03 0.060465 0.045185 0.000000 0.0000 0.12
149 1.934913e-03 0.028163 0.043897 0.000000 0.0000 0.08
150 2.070913e-03 0.020671 0.045460 0.000000 0.0000 0.18
151 2.123895e-03 0.020230 0.046041 0.000000 0.0000 0.16
152 1.939338e-03 0.004724 0.044035 0.000000 0.0000 0.11
153 1.818364e-03 0.024733 0.042570 0.000000 0.0000 0.09
154 1.882775e-03 0.025898 0.043314 0.000000 0.0000 0.16
155 1.817365e-03 0.016724 0.042598 0.000000 0.0000 0.08
156 1.751579e-03 0.015842 0.041822 0.000000 0.0000 0.09
157 1.773651e-03 0.023166 0.042051 0.000000 0.0000 0.11
158 1.682551e-03 0.019574 0.040972 0.000000 0.0000 0.05
159 1.684079e-03 0.017444 0.041000 0.000000 0.0000 0.06
160 1.661073e-03 0.008151 0.040748 0.000000 0.0000 0.04
161 1.636869e-03 0.001004 0.040458 0.000000 0.0000 0.05
162 1.666639e-03 0.007915 0.040817 0.000000 0.0000 0.08
163 1.723413e-03 0.008241 0.041506 0.000000 0.0000 0.11
164 1.643754e-03 0.004881 0.040540 0.000000 0.0000 0.04
165 1.632663e-03 0.005714 0.040402 0.000000 0.0000 0.03
166 1.621744e-03 0.009929 0.040259 0.000000 0.0000 0.03
167 1.623868e-03 0.002778 0.040296 0.000000 0.0000 0.04
168 1.623995e-03 0.002723 0.040298 0.000000 0.0000 0.04
169 1.618276e-03 0.005959 0.040223 0.000000 0.0000 0.05
170 1.624631e-03 0.008725 0.040297 0.000000 0.0000 0.03
171 1.643744e-03 0.005449 0.040539 0.000000 0.0000 0.06
172 1.603082e-03 0.008179 0.040030 0.000000 0.0000 0.03
173 1.607588e-03 0.002608 0.040094 0.000000 0.0000 0.04
174 1.615245e-03 0.004563 0.040188 0.000000 0.0000 0.07
175 1.707943e-03 0.007459 0.041321 0.000000 0.0000 0.08
176 1.718424e-03 0.006539 0.041449 0.000000 0.0000 0.12
177 1.695996e-03 0.010703 0.041169 0.000000 0.0000 0.11
178 1.641924e-03 0.005282 0.040517 0.000000 0.0000 0.09
179 1.628009e-03 0.007840 0.040341 0.000000 0.0000 0.04
180 1.669176e-03 0.009069 0.040845 0.000000 0.0000 0.06
181 1.657519e-03 0.010079 0.040700 0.000000 0.0000 0.07
182 1.635503e-03 0.015853 0.040410 0.000000 0.0000 0.04
183 1.621933e-03 0.009635 0.040262 0.000000 0.0000 0.06
184 1.629461e-03 0.002932 0.040366 0.000000 0.0000 0.05
185 1.589585e-03 0.002195 0.039869 0.000000 0.0000 0.07
186 1.597810e-03 0.007204 0.039966 0.000000 0.0000 0.05
187 1.631781e-03 0.007779 0.040388 0.000000 0.0000 0.08
188 1.602944e-03 0.002731 0.040036 0.000000 0.0000 0.04
189 1.596267e-03 0.011722 0.039936 0.000000 0.0000 0.07
190 1.603498e-03 0.006183 0.040039 0.000000 0.0000 0.08
191 1.649818e-03 0.005086 0.040615 0.000000 0.0000 0.08
192 1.711080e-03 0.005726 0.041361 0.000000 0.0000 0.14
193 1.968028e-03 0.012532 0.044345 0.000000 0.0000 0.23
194 1.938587e-03 0.011608 0.044014 0.000000 0.0000 0.15
195 2.020489e-03 0.008838 0.044941 0.000000 0.0000 0.17
196 2.039893e-03 0.012510 0.045148 0.000000 0.0000 0.19
197 1.821793e-03 0.013057 0.042662 0.000000 0.0000 0.14
198 1.831294e-03 0.007656 0.042787 0.000000 0.0000 0.18
199 1.660109e-03 0.009816 0.040733 0.000000 0.0000 0.09
200 1.647855e-03 0.003861 0.040592 0.000000 0.0000 0.07
201 1.624274e-03 0.004145 0.040300 0.000000 0.0000 0.05
202 1.606863e-03 0.005897 0.040081 0.000000 0.0000 0.05
203 1.594539e-03 0.007037 0.039925 0.000000 0.0000 0.03
204 1.577962e-03 0.006526 0.039718 0.000000 0.0000 0.02
205 1.569943e-03 0.006017 0.039618 0.000000 0.0000 0.03
206 1.562678e-03 0.002915 0.039530 0.000000 0.0000 0.02
207 1.559878e-03 0.003039 0.039494 0.000000 0.0000 0.03
208 1.566905e-03 0.005898 0.039580 0.000000 0.0000 0.03
209 1.561938e-03 0.003745 0.039520 0.000000 0.0000 0.03
210 1.564272e-03 0.004412 0.039548 0.000000 0.0000 0.04
211 1.584765e-03 0.006917 0.039803 0.000000 0.0000 0.07
212 1.628196e-03 0.006779 0.040345 0.000000 0.0000 0.12
213 1.636772e-03 0.007213 0.040451 0.000000 0.0000 0.09
214 1.585255e-03 0.003323 0.039814 0.000000 0.0000 0.07
215 1.575892e-03 0.005973 0.039693 0.000000 0.0000 0.10
216 1.579953e-03 0.006597 0.039743 0.000000 0.0000 0.05
217 1.562940e-03 0.006429 0.039529 0.000000 0.0000 0.03
218 1.555345e-03 0.006609 0.039432 0.000000 0.0000 0.02
219 1.554726e-03 0.009632 0.039418 0.000000 0.0000 0.03
220 1.550758e-03 0.005424 0.039376 0.000000 0.0000 0.04
221 1.546138e-03 0.003609 0.039319 0.000000 0.0000 0.04
222 1.546025e-03 0.001179 0.039319 0.000000 0.0000 0.02
223 1.546226e-03 0.003030 0.039321 0.000000 0.0000 0.02
224 1.548282e-03 0.001295 0.039348 0.000000 0.0000 0.03
225 1.542671e-03 0.002013 0.039276 0.000000 0.0000 0.04
226 1.541921e-03 0.003258 0.039266 0.000000 0.0000 0.02
227 1.540978e-03 0.001365 0.039255 0.000000 0.0000 0.03
228 1.541364e-03 0.005243 0.039257 0.000000 0.0000 0.04
229 1.555415e-03 0.005287 0.039435 0.000000 0.0000 0.03
230 1.551841e-03 0.008602 0.039384 0.000000 0.0000 0.03
231 1.539518e-03 0.009252 0.039226 0.000000 0.0000 0.03
232 1.550037e-03 0.002760 0.039370 0.000000 0.0000 0.04
233 1.543559e-03 0.006885 0.039282 0.000000 0.0000 0.03
234 1.561401e-03 0.010229 0.039501 0.000000 0.0000 0.05
235 1.555085e-03 0.003547 0.039433 0.000000 0.0000 0.06
236 1.554225e-03 0.001934 0.039423 0.000000 0.0000 0.04
237 1.533169e-03 0.001283 0.039155 0.000000 0.0000 0.03
238 1.528515e-03 0.001375 0.039096 0.000000 0.0000 0.02
239 1.529050e-03 0.001584 0.039103 0.000000 0.0000 0.02
240 1.529754e-03 0.002369 0.039111 0.000000 0.0000 0.06
241 1.538183e-03 0.002821 0.039219 0.000000 0.0000 0.05
242 1.573721e-03 0.002970 0.039669 0.000000 0.0000 0.06
243 1.576883e-03 0.004300 0.039708 0.000000 0.0000 0.08
244 1.581297e-03 0.008639 0.039756 0.000000 0.0000 0.07
245 1.589659e-03 0.006428 0.039865 0.000000 0.0000 0.08
246 1.568990e-03 0.004154 0.039608 0.000000 0.0000 0.09
247 1.610891e-03 0.005577 0.040132 0.000000 0.0000 0.08
248 1.573766e-03 0.006818 0.039665 0.000000 0.0000 0.09
249 1.581607e-03 0.002401 0.039769 0.000000 0.0000 0.09
250 1.552309e-03 0.006365 0.039394 0.000000 0.0000 0.05
251 1.551024e-03 0.007714 0.039375 0.000000 0.0000 0.07
252 1.582709e-03 0.007718 0.039776 0.000000 0.0000 0.08
253 1.544065e-03 0.004204 0.039292 0.000000 0.0000 0.07
254 1.607421e-03 0.002687 0.040092 0.000000 0.0000 0.10
255 1.661615e-03 0.007494 0.040756 0.000000 0.0000 0.13
256 1.544136e-03 0.005469 0.039292 0.000000 0.0000 0.05
257 1.525700e-03 0.005594 0.039056 0.000000 0.0000 0.04
258 1.540376e-03 0.004517 0.039245 0.000000 0.0000 0.06
259 1.574697e-03 0.007655 0.039675 0.000000 0.0000 0.08
260 1.581745e-03 0.002799 0.039770 0.000000 0.0000 0.10
261 1.737009e-03 0.005382 0.041674 0.000000 0.0000 0.16
262 1.610824e-03 0.005559 0.040131 0.000000 0.0000 0.10
263 1.554095e-03 0.002321 0.039421 0.000000 0.0000 0.07
264 1.535910e-03 0.001546 0.039190 0.000000 0.0000 0.04
265 1.514011e-03 0.003279 0.038909 0.000000 0.0000 0.02
266 1.522176e-03 0.002708 0.039014 0.000000 0.0000 0.04
267 1.527297e-03 0.003483 0.039079 0.000000 0.0000 0.04
268 1.511986e-03 0.001129 0.038884 0.000000 0.0000 0.03
269 1.513335e-03 0.001818 0.038901 0.000000 0.0000 0.02
270 1.514606e-03 0.001643 0.038918 0.000000 0.0000 0.03
271 1.519983e-03 0.003036 0.038986 0.000000 0.0000 0.05
272 1.511979e-03 0.001701 0.038884 0.000000 0.0000 0.03
273 1.509345e-03 0.003074 0.038849 0.000000 0.0000 0.05
274 1.509950e-03 0.002302 0.038857 0.000000 0.0000 0.04
275 1.518508e-03 0.003787 0.038966 0.000000 0.0000 0.07
276 1.517081e-03 0.001803 0.038949 0.000000 0.0000 0.07
277 1.530998e-03 0.004337 0.039126 0.000000 0.0000 0.07
278 1.532612e-03 0.002534 0.039148 0.000000 0.0000 0.08
279 1.509438e-03 0.003712 0.038850 0.000000 0.0000 0.03
280 1.508593e-03 0.003373 0.038839 0.000000 0.0000 0.04
281 1.506801e-03 0.002072 0.038817 0.000000 0.0000 0.03
282 1.521743e-03 0.002634 0.039009 0.000000 0.0000 0.12
283 1.554097e-03 0.003296 0.039421 0.000000 0.0000 0.07
284 1.536032e-03 0.004279 0.039190 0.000000 0.0000 0.07
285 1.517949e-03 0.003414 0.038959 0.000000 0.0000 0.04
286 1.509401e-03 0.002706 0.038850 0.000000 0.0000 0.03
287 1.506732e-03 0.005196 0.038813 0.000000 0.0000 0.03
288 1.504065e-03 0.005082 0.038779 0.000000 0.0000 0.03
289 1.504841e-03 0.004107 0.038790 0.000000 0.0000 0.04
290 1.525560e-03 0.004786 0.039055 0.000000 0.0000 0.04
291 1.506420e-03 0.002579 0.038812 0.000000 0.0000 0.04
292 1.496552e-03 0.002476 0.038685 0.000000 0.0000 0.03
293 1.499243e-03 0.003799 0.038718 0.000000 0.0000 0.03
294 1.505366e-03 0.001874 0.038799 0.000000 0.0000 0.04
295 1.502018e-03 0.003337 0.038754 0.000000 0.0000 0.03
296 1.496088e-03 0.005428 0.038675 0.000000 0.0000 0.03
297 1.494494e-03 0.004713 0.038656 0.000000 0.0000 0.04
298 1.508490e-03 0.003935 0.038837 0.000000 0.0000 0.04
299 1.511199e-03 0.002728 0.038873 0.000000 0.0000 0.07
300 8.623313e-05 0.003421 0.038609 0.000000 0.0000 0.06
301 7.789237e-05 0.001848 0.038594 0.000000 0.0000 0.03
302 7.627605e-05 0.001291 0.038629 0.000000 0.0000 0.03
303 7.533123e-05 0.000890 0.038610 0.000000 0.0000 0.02
304 7.809348e-05 0.001904 0.038592 0.000000 0.0000 0.04
305 7.732887e-05 0.001689 0.038594 0.000000 0.0000 0.03
306 7.893195e-05 0.002125 0.038579 0.000000 0.0000 0.04
307 7.561125e-05 0.001115 0.038566 0.000000 0.0000 0.02
308 7.504768e-05 0.000843 0.038558 0.000000 0.0000 0.02
309 7.552575e-05 0.001102 0.038551 0.000000 0.0000 0.02
310 7.786305e-05 0.001889 0.038547 0.000000 0.0000 0.03
311 7.609552e-05 0.001348 0.038543 0.000000 0.0000 0.02
312 7.548557e-05 0.001105 0.038540 0.000000 0.0000 0.02
313 7.512133e-05 0.000925 0.038540 0.000000 0.0000 0.02
314 7.548751e-05 0.001112 0.038536 0.000000 0.0000 0.02
315 8.142983e-05 0.002679 0.038536 0.000000 0.0000 0.04
316 8.259011e-05 0.002885 0.038539 0.000000 0.0000 0.05
317 7.812771e-05 0.001958 0.038547 0.000000 0.0000 0.03
318 7.664111e-05 0.001523 0.038555 0.000000 0.0000 0.03
319 7.614201e-05 0.001356 0.038550 0.000000 0.0000 0.02
320 7.580432e-05 0.001246 0.038536 0.000000 0.0000 0.02
321 7.563774e-05 0.001185 0.038532 0.000000 0.0000 0.02
322 7.490922e-05 0.000815 0.038534 0.000000 0.0000 0.02
323 7.592960e-05 0.001300 0.038533 0.000000 0.0000 0.03
324 7.632128e-05 0.001445 0.038531 0.000000 0.0000 0.03
325 7.608925e-05 0.001361 0.038532 0.000000 0.0000 0.02
326 7.564303e-05 0.001184 0.038533 0.000000 0.0000 0.02
327 7.782513e-05 0.001890 0.038536 0.000000 0.0000 0.04
328 7.536969e-05 0.001055 0.038537 0.000000 0.0000 0.02
329 7.492182e-05 0.000819 0.038536 0.000000 0.0000 0.01
330 7.599407e-05 0.001323 0.038534 0.000000 0.0000 0.03
331 7.498268e-05 0.000862 0.038533 0.000000 0.0000 0.01
332 7.459701e-05 0.000602 0.038532 0.000000 0.0000 0.01
333 7.489853e-05 0.000812 0.038533 0.000000 0.0000 0.01
334 7.539430e-05 0.001075 0.038533 0.000000 0.0000 0.03
335 7.585793e-05 0.001276 0.038531 0.000000 0.0000 0.02
336 7.570997e-05 0.001212 0.038533 0.000000 0.0000 0.02
337 7.724281e-05 0.001730 0.038535 0.000000 0.0000 0.03
338 7.816722e-05 0.001976 0.038539 0.000000 0.0000 0.04
339 7.649530e-05 0.001489 0.038543 0.000000 0.0000 0.03
340 7.558380e-05 0.001144 0.038542 0.000000 0.0000 0.02
341 7.664598e-05 0.001544 0.038538 0.000000 0.0000 0.03
342 7.603561e-05 0.001338 0.038535 0.000000 0.0000 0.02
343 7.523137e-05 0.000993 0.038534 0.000000 0.0000 0.02
344 7.487079e-05 0.000797 0.038532 0.000000 0.0000 0.02
345 7.499209e-05 0.000869 0.038532 0.000000 0.0000 0.01
346 7.551859e-05 0.001133 0.038532 0.000000 0.0000 0.02
347 7.556597e-05 0.001155 0.038531 0.000000 0.0000 0.02
348 7.543118e-05 0.001093 0.038532 0.000000 0.0000 0.03
349 7.496000e-05 0.000855 0.038530 0.000000 0.0000 0.01
350 7.457331e-05 0.000586 0.038530 0.000000 0.0000 0.01
351 7.451306e-05 0.000538 0.038529 0.000000 0.0000 0.01
352 7.492093e-05 0.000834 0.038529 0.000000 0.0000 0.01
353 7.509406e-05 0.000933 0.038529 0.000000 0.0000 0.01
354 7.452374e-05 0.000551 0.038528 0.000000 0.0000 0.01
355 7.545394e-05 0.001113 0.038526 0.000000 0.0000 0.02
356 7.509230e-05 0.000935 0.038528 0.000000 0.0000 0.02
357 7.529370e-05 0.001034 0.038529 0.000000 0.0000 0.02
358 7.522871e-05 0.001000 0.038530 0.000000 0.0000 0.02
359 7.450069e-05 0.000518 0.038531 0.000000 0.0000 0.01
360 7.502194e-05 0.000887 0.038532 0.000000 0.0000 0.02
361 7.502519e-05 0.000889 0.038532 0.000000 0.0000 0.02
362 7.472858e-05 0.000701 0.038532 0.000000 0.0000 0.01
363 7.470296e-05 0.000686 0.038531 0.000000 0.0000 0.01
364 7.448888e-05 0.000500 0.038533 0.000000 0.0000 0.01
365 7.503288e-05 0.000892 0.038533 0.000000 0.0000 0.02
366 7.552114e-05 0.001135 0.038531 0.000000 0.0000 0.02
367 7.506816e-05 0.000914 0.038531 0.000000 0.0000 0.02
368 7.622906e-05 0.001417 0.038528 0.000000 0.0000 0.03
369 7.564200e-05 0.001194 0.038527 0.000000 0.0000 0.03
370 7.543505e-05 0.001105 0.038527 0.000000 0.0000 0.02
371 7.567647e-05 0.001208 0.038527 0.000000 0.0000 0.02
372 7.534963e-05 0.001063 0.038528 0.000000 0.0000 0.02
373 7.600777e-05 0.001333 0.038531 0.000000 0.0000 0.02
374 7.652054e-05 0.001512 0.038531 0.000000 0.0000 0.03
375 7.538193e-05 0.001071 0.038532 0.000000 0.0000 0.02
376 7.460176e-05 0.000603 0.038533 0.000000 0.0000 0.01
377 7.457965e-05 0.000593 0.038530 0.000000 0.0000 0.01
378 7.508742e-05 0.000928 0.038530 0.000000 0.0000 0.02
379 7.524955e-05 0.001013 0.038529 0.000000 0.0000 0.02
380 8.009918e-05 0.002425 0.038527 0.000000 0.0000 0.04
381 7.690358e-05 0.001633 0.038532 0.000000 0.0000 0.03
382 7.532479e-05 0.001046 0.038531 0.000000 0.0000 0.02
383 7.468724e-05 0.000679 0.038529 0.000000 0.0000 0.01
384 7.507969e-05 0.000925 0.038529 0.000000 0.0000 0.03
385 7.467973e-05 0.000678 0.038528 0.000000 0.0000 0.01
386 7.456677e-05 0.000580 0.038531 0.000000 0.0000 0.01
387 7.447331e-05 0.000501 0.038529 0.000000 0.0000 0.01
388 7.445618e-05 0.000484 0.038529 0.000000 0.0000 0.01
389 7.482051e-05 0.000772 0.038529 0.000000 0.0000 0.02
390 7.476164e-05 0.000735 0.038528 0.000000 0.0000 0.01
391 7.446331e-05 0.000490 0.038529 0.000000 0.0000 0.01
392 7.470064e-05 0.000690 0.038529 0.000000 0.0000 0.01
393 7.456653e-05 0.000589 0.038528 0.000000 0.0000 0.01
394 7.461407e-05 0.000629 0.038527 0.000000 0.0000 0.01
395 7.451077e-05 0.000537 0.038528 0.000000 0.0000 0.01
396 7.498525e-05 0.000867 0.038531 0.000000 0.0000 0.01
397 7.455204e-05 0.000564 0.038532 0.000000 0.0000 0.01
398 7.445593e-05 0.000468 0.038532 0.000000 0.0000 0.01
399 7.453195e-05 0.000546 0.038531 0.000000 0.0000 0.01
400 7.446313e-05 0.000487 0.038530 0.000000 0.0000 0.01
401 7.457181e-05 0.000591 0.038528 0.000000 0.0000 0.02
402 7.521370e-05 0.000997 0.038528 0.000000 0.0000 0.01
403 7.493551e-05 0.000844 0.038529 0.000000 0.0000 0.01
404 7.462272e-05 0.000629 0.038530 0.000000 0.0000 0.01
405 7.441688e-05 0.000439 0.038529 0.000000 0.0000 0.01
406 7.454504e-05 0.000569 0.038528 0.000000 0.0000 0.01
407 7.444575e-05 0.000476 0.038528 0.000000 0.0000 0.01
408 7.439670e-05 0.000422 0.038528 0.000000 0.0000 0.00
409 7.447240e-05 0.000505 0.038527 0.000000 0.0000 0.01
410 7.448501e-05 0.000519 0.038527 0.000000 0.0000 0.01
411 7.445918e-05 0.000493 0.038527 0.000000 0.0000 0.01
412 7.461460e-05 0.000633 0.038526 0.000000 0.0000 0.01
413 7.438531e-05 0.000416 0.038526 0.000000 0.0000 0.02
414 7.539202e-05 0.001087 0.038525 0.000000 0.0000 0.02
415 7.502410e-05 0.000902 0.038526 0.000000 0.0000 0.01
416 7.452238e-05 0.000555 0.038527 0.000000 0.0000 0.01
417 7.472515e-05 0.000714 0.038527 0.000000 0.0000 0.01
418 7.469368e-05 0.000691 0.038527 0.000000 0.0000 0.01
419 7.491751e-05 0.000836 0.038528 0.000000 0.0000 0.02
420 7.453052e-05 0.000560 0.038527 0.000000 0.0000 0.01
421 7.451619e-05 0.000543 0.038528 0.000000 0.0000 0.01
422 7.448373e-05 0.000513 0.038528 0.000000 0.0000 0.01
423 7.462752e-05 0.000638 0.038528 0.000000 0.0000 0.01
424 7.455154e-05 0.000578 0.038527 0.000000 0.0000 0.01
425 7.442422e-05 0.000454 0.038527 0.000000 0.0000 0.01
426 7.449196e-05 0.000525 0.038527 0.000000 0.0000 0.01
427 7.452042e-05 0.000551 0.038527 0.000000 0.0000 0.01
428 7.472620e-05 0.000712 0.038528 0.000000 0.0000 0.01
429 7.455872e-05 0.000583 0.038528 0.000000 0.0000 0.01
430 7.460328e-05 0.000622 0.038527 0.000000 0.0000 0.01
431 7.459199e-05 0.000613 0.038527 0.000000 0.0000 0.01
432 7.461992e-05 0.000634 0.038527 0.000000 0.0000 0.01
433 7.468565e-05 0.000683 0.038528 0.000000 0.0000 0.01
434 7.485769e-05 0.000800 0.038527 0.000000 0.0000 0.02
435 7.452914e-05 0.000559 0.038527 0.000000 0.0000 0.01
436 7.451246e-05 0.000544 0.038527 0.000000 0.0000 0.01
437 7.438986e-05 0.000415 0.038527 0.000000 0.0000 0.00
438 7.450390e-05 0.000536 0.038527 0.000000 0.0000 0.01
439 7.499818e-05 0.000884 0.038527 0.000000 0.0000 0.01
440 7.456842e-05 0.000593 0.038527 0.000000 0.0000 0.01
441 7.452927e-05 0.000563 0.038526 0.000000 0.0000 0.02
442 7.446391e-05 0.000505 0.038525 0.000000 0.0000 0.01
443 7.439049e-05 0.000427 0.038525 0.000000 0.0000 0.01
444 7.449548e-05 0.000537 0.038525 0.000000 0.0000 0.01
445 7.441315e-05 0.000453 0.038525 0.000000 0.0000 0.00
446 7.440299e-05 0.000442 0.038525 0.000000 0.0000 0.00
447 7.439651e-05 0.000435 0.038525 0.000000 0.0000 0.01
448 7.439198e-05 0.000429 0.038525 0.000000 0.0000 0.01
449 7.444786e-05 0.000490 0.038525 0.000000 0.0000 0.01
450 7.449549e-05 0.000534 0.038525 0.000000 0.0000 0.01
451 7.445485e-05 0.000495 0.038525 0.000000 0.0000 0.01
452 7.441155e-05 0.000448 0.038526 0.000000 0.0000 0.01
453 7.442610e-05 0.000465 0.038525 0.000000 0.0000 0.01
454 7.447922e-05 0.000519 0.038525 0.000000 0.0000 0.01
455 7.441056e-05 0.000447 0.038526 0.000000 0.0000 0.01
456 7.454968e-05 0.000582 0.038525 0.000000 0.0000 0.01
457 7.450421e-05 0.000543 0.038525 0.000000 0.0000 0.02
458 7.505050e-05 0.000917 0.038525 0.000000 0.0000 0.02
459 7.514711e-05 0.000969 0.038525 0.000000 0.0000 0.02
460 7.459056e-05 0.000620 0.038524 0.000000 0.0000 0.01
461 7.480694e-05 0.000773 0.038525 0.000000 0.0000 0.01
462 7.459289e-05 0.000619 0.038525 0.000000 0.0000 0.01
463 7.445457e-05 0.000496 0.038525 0.000000 0.0000 0.01
464 7.439848e-05 0.000435 0.038525 0.000000 0.0000 0.00
465 7.448375e-05 0.000525 0.038525 0.000000 0.0000 0.01
466 7.444150e-05 0.000483 0.038525 0.000000 0.0000 0.01
467 7.443050e-05 0.000472 0.038525 0.000000 0.0000 0.01
468 7.444546e-05 0.000488 0.038525 0.000000 0.0000 0.01
469 7.442248e-05 0.000463 0.038525 0.000000 0.0000 0.01
470 7.444917e-05 0.000491 0.038525 0.000000 0.0000 0.01
471 7.440901e-05 0.000448 0.038525 0.000000 0.0000 0.00
472 7.441037e-05 0.000449 0.038525 0.000000 0.0000 0.01
473 7.442091e-05 0.000460 0.038525 0.000000 0.0000 0.00
474 7.442483e-05 0.000464 0.038525 0.000000 0.0000 0.01
475 7.439733e-05 0.000433 0.038525 0.000000 0.0000 0.01
476 7.443562e-05 0.000477 0.038525 0.000000 0.0000 0.01
477 7.443124e-05 0.000472 0.038525 0.000000 0.0000 0.00
478 7.443472e-05 0.000477 0.038525 0.000000 0.0000 0.01
479 7.440888e-05 0.000449 0.038525 0.000000 0.0000 0.01
480 7.439425e-05 0.000431 0.038525 0.000000 0.0000 0.00
481 7.440785e-05 0.000446 0.038525 0.000000 0.0000 0.00
482 7.441978e-05 0.000459 0.038525 0.000000 0.0000 0.01
483 7.440309e-05 0.000441 0.038525 0.000000 0.0000 0.01
484 7.441291e-05 0.000453 0.038525 0.000000 0.0000 0.01
485 7.442071e-05 0.000460 0.038525 0.000000 0.0000 0.01
486 7.442811e-05 0.000469 0.038525 0.000000 0.0000 0.01
487 7.442531e-05 0.000466 0.038525 0.000000 0.0000 0.01
488 7.438761e-05 0.000424 0.038525 0.000000 0.0000 0.00
489 7.441434e-05 0.000454 0.038525 0.000000 0.0000 0.01
490 7.438589e-05 0.000421 0.038525 0.000000 0.0000 0.00
491 7.438290e-05 0.000418 0.038525 0.000000 0.0000 0.00
492 7.439005e-05 0.000427 0.038525 0.000000 0.0000 0.01
493 7.441030e-05 0.000451 0.038525 0.000000 0.0000 0.02
494 7.447482e-05 0.000517 0.038525 0.000000 0.0000 0.01
495 7.451192e-05 0.000552 0.038525 0.000000 0.0000 0.01
496 7.439122e-05 0.000427 0.038525 0.000000 0.0000 0.01
497 7.439262e-05 0.000430 0.038525 0.000000 0.0000 0.01
498 7.440384e-05 0.000443 0.038525 0.000000 0.0000 0.00
499 7.438799e-05 0.000425 0.038525 0.000000 0.0000 0.00
500 7.439842e-05 0.000437 0.038525 0.000000 0.0000 0.01
501 7.440287e-05 0.000442 0.038525 0.000000 0.0000 0.01
502 7.440144e-05 0.000440 0.038525 0.000000 0.0000 0.01
503 7.438710e-05 0.000424 0.038525 0.000000 0.0000 0.00
504 7.438626e-05 0.000423 0.038525 0.000000 0.0000 0.01
505 7.439472e-05 0.000434 0.038524 0.000000 0.0000 0.00
506 7.438417e-05 0.000422 0.038524 0.000000 0.0000 0.00
507 7.446366e-05 0.000507 0.038525 0.000000 0.0000 0.01
508 7.444434e-05 0.000488 0.038524 0.000000 0.0000 0.01
509 7.444704e-05 0.000490 0.038524 0.000000 0.0000 0.01
510 7.438168e-05 0.000419 0.038524 0.000000 0.0000 0.00
511 7.440425e-05 0.000445 0.038524 0.000000 0.0000 0.01
512 7.438477e-05 0.000423 0.038524 0.000000 0.0000 0.01
513 7.441890e-05 0.000461 0.038524 0.000000 0.0000 0.01
514 7.439106e-05 0.000430 0.038524 0.000000 0.0000 0.00
515 7.440783e-05 0.000449 0.038524 0.000000 0.0000 0.00
516 7.439215e-05 0.000432 0.038524 0.000000 0.0000 0.01
517 7.439000e-05 0.000429 0.038524 0.000000 0.0000 0.00
518 7.438837e-05 0.000427 0.038524 0.000000 0.0000 0.01
519 7.440809e-05 0.000449 0.038524 0.000000 0.0000 0.01
520 7.441089e-05 0.000452 0.038524 0.000000 0.0000 0.00
521 7.437471e-05 0.000411 0.038524 0.000000 0.0000 0.00
522 7.446147e-05 0.000505 0.038524 0.000000 0.0000 0.01
523 7.437858e-05 0.000416 0.038524 0.000000 0.0000 0.00
524 7.439603e-05 0.000437 0.038524 0.000000 0.0000 0.00
525 7.440760e-05 0.000449 0.038524 0.000000 0.0000 0.01
526 7.437916e-05 0.000417 0.038524 0.000000 0.0000 0.01
527 7.440500e-05 0.000446 0.038524 0.000000 0.0000 0.01
528 7.438818e-05 0.000427 0.038524 0.000000 0.0000 0.01
529 7.438666e-05 0.000425 0.038524 0.000000 0.0000 0.00
530 7.439170e-05 0.000431 0.038524 0.000000 0.0000 0.01
531 7.440132e-05 0.000442 0.038524 0.000000 0.0000 0.00
532 7.438293e-05 0.000421 0.038524 0.000000 0.0000 0.01
533 7.440927e-05 0.000452 0.038524 0.000000 0.0000 0.01
534 7.439773e-05 0.000439 0.038524 0.000000 0.0000 0.01
535 7.438620e-05 0.000425 0.038524 0.000000 0.0000 0.00
536 7.438179e-05 0.000420 0.038524 0.000000 0.0000 0.01
537 7.439192e-05 0.000432 0.038524 0.000000 0.0000 0.01
538 7.439833e-05 0.000440 0.038524 0.000000 0.0000 0.01
539 7.439018e-05 0.000431 0.038524 0.000000 0.0000 0.01
540 7.441853e-05 0.000463 0.038524 0.000000 0.0000 0.01
541 7.439866e-05 0.000441 0.038524 0.000000 0.0000 0.01
542 7.438543e-05 0.000426 0.038524 0.000000 0.0000 0.00
543 7.438398e-05 0.000424 0.038524 0.000000 0.0000 0.01
544 7.437950e-05 0.000419 0.038524 0.000000 0.0000 0.01
545 7.439874e-05 0.000441 0.038524 0.000000 0.0000 0.01
546 7.439021e-05 0.000432 0.038524 0.000000 0.0000 0.00
547 7.440388e-05 0.000447 0.038524 0.000000 0.0000 0.01
548 7.438505e-05 0.000426 0.038524 0.000000 0.0000 0.01
549 7.438796e-05 0.000429 0.038524 0.000000 0.0000 0.01
550 7.439264e-05 0.000435 0.038524 0.000000 0.0000 0.01
551 7.439142e-05 0.000433 0.038524 0.000000 0.0000 0.01
552 7.438504e-05 0.000426 0.038524 0.000000 0.0000 0.01
553 7.438605e-05 0.000428 0.038524 0.000000 0.0000 0.00
554 7.439092e-05 0.000433 0.038524 0.000000 0.0000 0.01
555 7.438341e-05 0.000424 0.038524 0.000000 0.0000 0.01
556 7.438579e-05 0.000427 0.038524 0.000000 0.0000 0.00
557 7.439284e-05 0.000435 0.038524 0.000000 0.0000 0.00
558 7.438246e-05 0.000423 0.038524 0.000000 0.0000 0.01
559 7.438392e-05 0.000425 0.038524 0.000000 0.0000 0.01
560 7.438320e-05 0.000424 0.038524 0.000000 0.0000 0.01
561 7.438915e-05 0.000431 0.038524 0.000000 0.0000 0.01
562 7.439150e-05 0.000434 0.038524 0.000000 0.0000 0.01
563 7.438082e-05 0.000421 0.038524 0.000000 0.0000 0.00
564 7.438429e-05 0.000425 0.038524 0.000000 0.0000 0.00
565 7.438152e-05 0.000422 0.038524 0.000000 0.0000 0.00
566 7.438677e-05 0.000428 0.038524 0.000000 0.0000 0.01
567 7.438249e-05 0.000423 0.038524 0.000000 0.0000 0.00
568 7.438283e-05 0.000423 0.038524 0.000000 0.0000 0.02
569 7.439318e-05 0.000436 0.038524 0.000000 0.0000 0.00
570 7.441053e-05 0.000455 0.038524 0.000000 0.0000 0.01
571 7.438284e-05 0.000423 0.038524 0.000000 0.0000 0.01
572 7.438228e-05 0.000422 0.038524 0.000000 0.0000 0.01
573 7.438581e-05 0.000427 0.038524 0.000000 0.0000 0.01
574 7.438217e-05 0.000422 0.038524 0.000000 0.0000 0.01
575 7.438234e-05 0.000422 0.038524 0.000000 0.0000 0.00
576 7.438749e-05 0.000428 0.038524 0.000000 0.0000 0.01
577 7.438290e-05 0.000423 0.038524 0.000000 0.0000 0.01
578 7.438900e-05 0.000430 0.038524 0.000000 0.0000 0.01
579 7.438221e-05 0.000422 0.038524 0.000000 0.0000 0.01
580 7.437849e-05 0.000418 0.038524 0.000000 0.0000 0.01
581 7.438400e-05 0.000424 0.038524 0.000000 0.0000 0.00
582 7.438123e-05 0.000421 0.038524 0.000000 0.0000 0.01
583 7.437965e-05 0.000419 0.038524 0.000000 0.0000 0.00
584 7.438486e-05 0.000425 0.038524 0.000000 0.0000 0.01
585 7.438461e-05 0.000425 0.038524 0.000000 0.0000 0.01
586 7.438171e-05 0.000421 0.038524 0.000000 0.0000 0.00
587 7.438232e-05 0.000422 0.038524 0.000000 0.0000 0.00
588 7.438186e-05 0.000421 0.038524 0.000000 0.0000 0.02
589 7.437383e-05 0.000411 0.038524 0.000000 0.0000 0.02
590 7.440372e-05 0.000446 0.038524 0.000000 0.0000 0.01
591 7.441528e-05 0.000459 0.038524 0.000000 0.0000 0.00
592 7.438465e-05 0.000424 0.038524 0.000000 0.0000 0.01
593 7.437665e-05 0.000415 0.038524 0.000000 0.0000 0.00
594 7.438646e-05 0.000426 0.038524 0.000000 0.0000 0.00
595 7.438580e-05 0.000426 0.038524 0.000000 0.0000 0.01
596 7.437827e-05 0.000417 0.038524 0.000000 0.0000 0.01
597 7.438113e-05 0.000420 0.038524 0.000000 0.0000 0.00
598 7.438099e-05 0.000420 0.038524 0.000000 0.0000 0.00
599 7.438089e-05 0.000420 0.038524 0.000000 0.0000 0.00
600 7.438189e-05 0.000421 0.038524 0.000000 0.0000 0.01
