-2.782125227 -2.531680929 -2.871976809 -0.04158076344 -0.01256733186 0.02165308502 nan nan nan nan nan nan
-2.270359873 -2.483830747 -2.347348605 -0.04974939943 0.007980433215 0.01330662298 nan nan nan nan nan nan
-2.668447154 -2.658484422 -2.552151941 -0.02504830999 -0.004386657552 -0.01642721443 nan nan nan nan nan nan
-2.197730975 -2.518507243 -2.391142481 -0.006848540365 -0.006026946985 0.007640302324 nan nan nan nan nan nan
-2.826851609 -2.561019439 -2.774895199 0.004010186013 0.0289814745 -0.01622141113 nan nan nan nan nan nan
-2.488927952 -2.814640216 -2.597917567 -0.002137055084 -0.03250143359 -0.0004147420357 nan nan nan nan nan nan
-2.527031636 -2.429457157 -2.515519416 -0.005499571104 0.03357146898 0.003736225846 nan nan nan nan nan nan
-2.203240099 -2.213331081 -2.179784295 -0.02056973974 0.01724070434 -0.006420448313 nan nan nan nan nan nan
-2.644633076 -2.705568686 -2.521327654 -0.001860645236 -0.001039915506 -0.008655041474 nan nan nan nan nan nan
-2.325851312 -2.510820753 -2.26180845 0.01973461076 -0.04085621187 -0.00289023128 nan nan nan nan nan nan
-2.396872389 -2.444972729 -2.28948577 0.02425772183 0.001070645189 0.002883065932 nan nan nan nan nan nan
-2.937107182 -2.858375896 -3.095174323 -0.0422550361 -0.06466005955 -0.03988613097 nan nan nan nan nan nan
-2.416509909 -2.724331895 -2.684560125 -0.01178256583 0.005098850289 0.01376343084 nan nan nan nan nan nan
-1.713115044 -1.713774501 -1.711658503 -0.0001086221734 6.693229715e-05 -0.0001475243811 nan nan nan nan nan nan
-1.712394082 -1.713111183 -1.712158405 -2.625433644e-05 -3.218648653e-05 3.489514903e-05 nan nan nan nan nan nan
-2.389804812 -2.412628741 -2.455941883 -0.01514054597 0.02390004213 0.03316296521 nan nan nan nan nan nan
-2.36609361 -2.241758184 -2.33425242 -0.008550010392 0.01727450373 0.001392036093 nan nan nan nan nan nan
-2.6636321 -2.505373272 -3.055306848 0.05614735755 -0.03976097023 0.06767668651 nan nan nan nan nan nan
-1.711598928 -1.713413468 -1.713646664 4.090566127e-05 -0.0001456673074 -0.0001075802176 nan nan nan nan nan nan
-1.711798475 -1.713522274 -1.712513645 -5.119153209e-06 -7.510276424e-06 -4.611029741e-05 nan nan nan nan nan nan
-2.357057041 -2.477357261 -2.337262863 0.0232446343 -0.05138667679 0.01017720676 nan nan nan nan nan nan
-3.085484642 -2.827354407 -2.750317409 0.01644116751 -0.07033742222 -0.01957396992 nan nan nan nan nan nan
-2.404201431 -2.401863132 -2.422735168 0.01305850257 0.006850252313 -0.01396240682 nan nan nan nan nan nan
-2.348128038 -2.382444052 -2.382195273 -0.006923580036 0.005211769907 -0.01159634165 nan nan nan nan nan nan
-2.89013462 -2.738618191 -2.920872303 -0.01020578196 -0.004789218254 -0.008299381308 nan nan nan nan nan nan
