0.6156729736 0.5602506714 0.6355567627 0.009201653481 0.002781099319 -0.004791739464 nan nan nan nan nan nan
0.5024213867 0.5496616211 0.5194586792 0.01100933933 -0.001766037345 -0.002944701433 nan nan nan nan nan nan
0.5905164795 0.5883117676 0.5647808228 0.005543088913 0.0009707494378 0.003635275602 nan nan nan nan nan nan
0.4863489075 0.5573353882 0.5291500854 0.00151555407 0.001333738804 -0.001690767765 nan nan nan nan nan nan
0.6255707397 0.5667431641 0.614072998 -0.0008874378204 -0.006413482189 0.00358973217 nan nan nan nan nan nan
0.5507896118 0.6228684082 0.5749085693 0.0004729215801 0.007192434788 9.178072214e-05 nan nan nan nan nan nan
0.5592218018 0.5376289673 0.5566741943 0.001217032671 -0.007429229259 -0.000826811552 nan nan nan nan nan nan
0.4875680542 0.4898011475 0.4823773804 0.004551999569 -0.003815297604 0.001420819044 nan nan nan nan nan nan
0.585246521 0.5987313232 0.5579595337 0.0004117532074 0.0002301290631 0.001915325403 nan nan nan nan nan nan
0.514701416 0.5556343994 0.5005289917 -0.004367188931 0.009041313171 0.0006395964026 nan nan nan nan nan nan
0.5304180908 0.5410625 0.5066538696 -0.005368134975 -0.0002369294167 -0.0006380107403 nan nan nan nan nan nan
0.6499698486 0.632546936 0.6849494629 0.009350867271 0.01430900764 0.008826638222 nan nan nan nan nan nan
0.5347637939 0.6028835449 0.5940822144 0.002607433796 -0.001128354788 -0.003045791149 nan nan nan nan nan nan
0.3791053772 0.3792513123 0.3787830505 2.403764427e-05 -1.481184456e-05 3.264654428e-05 nan nan nan nan nan nan
0.3789458313 0.3791045227 0.3788936768 5.809977651e-06 7.122738287e-06 -7.72215426e-06 nan nan nan nan nan nan
0.5288540649 0.5339049072 0.5434899292 0.003350541115 -0.005288981915 -0.007338829041 nan nan nan nan nan nan
0.5236068726 0.4960919495 0.5165605469 0.001892082453 -0.003822777271 -0.000308051914 nan nan nan nan nan nan
0.5894509277 0.554428894 0.6761269531 -0.01242518139 0.008798940659 -0.0149765749 nan nan nan nan nan nan
0.3787698669 0.3791714172 0.3792230225 -9.052256122e-06 3.223558143e-05 2.38070637e-05 nan nan nan nan nan nan
0.3788140259 0.3791954956 0.37897229 1.132847741e-06 1.661993563e-06 1.020402089e-05 nan nan nan nan nan nan
0.5216071167 0.5482290649 0.5172267456 -0.005143942833 0.01137166214 -0.002252174377 nan nan nan nan nan nan
0.6828051758 0.6256820068 0.6086340332 -0.003638363361 0.01556538486 0.004331639767 nan nan nan nan nan nan
0.532039978 0.531522522 0.5361414185 -0.002889793396 -0.001515932918 0.003089823723 nan nan nan nan nan nan
0.5196311646 0.5272251587 0.527170105 0.001532160044 -0.001153343439 0.002566223145 nan nan nan nan nan nan
0.6395750122 0.6060450439 0.6463771362 0.002258497953 0.00105983448 0.001836619258 nan nan nan nan nan nan
